2020-02-09T01:34:48.124Z [RTM] [32minfo[39m: Skipping network creation. Observe that all external IO operations will yield a runtime error.
>>> Main thread finished with value: "64b0b9ee-3837-4d68-ae4e-dfaa21394315"@{}%{}
