2019-04-15T12:49:14.146Z [RTM] [32minfo[39m: Skipping network creation. Observe that all external IO operations will yield a runtime error.
>>> Main thread finished with value: 42@{e184cdd4-088d-4e6b-937e-41a73f97bd9b}%{}
