2019-03-07T17:06:27.408Z [RTM] [32minfo[39m: Skipping network creation. Observe that all external IO operations will yield a runtime error.
>>> Main thread finished with value: ()@{}%{}
