2019-03-08T06:10:03.480Z [RTM] [32minfo[39m: Skipping network creation. Observe that all external IO operations will yield a runtime error.
"secret message"@{secret}%{secret}
>>> Main thread finished with value: ()@{secret}%{secret}
