2019-03-07T18:56:06.229Z [RTM] [32minfo[39m: Skipping network creation. Observe that all external IO operations will yield a runtime error.
>>> Main thread finished with value: 42@{alice}%{}
