2019-03-07T12:24:22.159Z [RTM] [32minfo[39m: Skipping network creation. Observe that all external IO operations will yield a runtime error.
>>> Main thread finished with value: (false@{secret}%{}, ()@{secret}%{secret})@{}%{}
