2019-03-07T12:08:28.462Z [RTM] [32minfo[39m: Skipping network creation. Observe that all external IO operations will yield a runtime error.
>>> Main thread finished with value: 0@{}%{}
[33mWarning: runtime exception in the handler or sandbox: value 1@{}%{} is not a string[39m
""
