2020-02-09T01:34:58.369Z [RTM] [32minfo[39m: Skipping network creation. Observe that all external IO operations will yield a runtime error.
