2019-03-04T15:47:10.391Z [RTM] [32minfo[39m: Skipping network creation. Observe that all external IO operations will yield a runtime error.
