2019-03-07T12:08:22.800Z [RTM] [32minfo[39m: Skipping network creation. Observe that all external IO operations will yield a runtime error.
[31mRuntime error in thread ed206062-985f-42db-a8e1-2f12ba87e7fb@{}%{}[39m
[31m>> value ()@{}%{} is not a number[39m
