2019-03-08T10:47:50.365Z [RTM] [32minfo[39m: Skipping network creation. Observe that all external IO operations will yield a runtime error.
[31mRuntime error in thread 957d406d-71cf-4c22-b7ef-7ecfdf886463@{}%{}[39m
[31m>> value ""@{}%{} is not a number[39m
