2019-03-07T12:08:24.424Z [RTM] [32minfo[39m: Skipping network creation. Observe that all external IO operations will yield a runtime error.
[31mRuntime error in thread b810533d-e53f-4230-af5e-760c9d5c1e87@{}%{}[39m
[31m>> value ""@{}%{} is not a number[39m
