2019-03-07T12:08:24.673Z [RTM] [32minfo[39m: Skipping network creation. Observe that all external IO operations will yield a runtime error.
[31mRuntime error in thread 8646a135-cf99-4237-b911-cc13873503cd@{}%{}[39m
[31m>> value 1@{}%{} is not a string[39m
