2019-03-27T20:06:28.508Z [RTM] [32minfo[39m: Skipping network creation. Observe that all external IO operations will yield a runtime error.
[31mRuntime error in thread a92ffcf3-8a74-4f42-b8ae-114a40873937@{}%{}[39m
[31m>> pattern match failure in function isTwo at :2:9[39m
