2019-03-14T13:27:39.807Z [RTM] [32minfo[39m: Skipping network creation. Observe that all external IO operations will yield a runtime error.
[31mRuntime error in thread c2cb0e60-b64f-438a-b698-c57972874159@{}%{}[39m
[31m>> value <basefun:self>@{}%{} is not a process id[39m
