2019-03-27T19:47:44.005Z [RTM] [32minfo[39m: Skipping network creation. Observe that all external IO operations will yield a runtime error.
[31mRuntime error in thread 5649b18d-7337-4748-9f88-c9e0c6dc3c77@{}%{}[39m
[31m>> pattern match failure in let declaration at :1:5[39m
