2020-02-15T17:31:23.607Z [RTM] [32minfo[39m: Skipping network creation. Observe that all external IO operations will yield a runtime error.
"Hello"
"World"
[31mRuntime error in thread db0b8abc-ebf0-4a52-8051-202590d9c69c@{}%{}[39m
[31m>> value ()@{}%{} is not a number[39m
