2019-12-09T13:24:53.968Z [RTM] [32minfo[39m: Skipping network creation. Observe that all external IO operations will yield a runtime error.
>>> Main thread finished with value: -150@{}%{}
