2019-03-11T15:55:09.779Z [RTM] [32minfo[39m: Skipping network creation. Observe that all external IO operations will yield a runtime error.
>>> Main thread finished with value: ["XY"@{}%{}]@{}%{}
