2019-03-06T22:04:35.385Z [RTM] [32minfo[39m: Skipping network creation. Observe that all external IO operations will yield a runtime error.
