2019-03-07T12:08:05.415Z [RTM] [32minfo[39m: Skipping network creation. Observe that all external IO operations will yield a runtime error.
42@{}%{}
>>> Main thread finished with value: ()@{}%{}
