2019-03-07T14:31:29.650Z [RTM] [32minfo[39m: Skipping network creation. Observe that all external IO operations will yield a runtime error.
"What is your name?"@{}%{}
("Hello"@{}%{}, "Alice"@{#TOP}%{})@{}%{}
>>> Main thread finished with value: ()@{#TOP}%{#TOP}
