2019-03-07T12:08:07.056Z [RTM] [32minfo[39m: Skipping network creation. Observe that all external IO operations will yield a runtime error.
[2@{}%{}, 3@{}%{}, 4@{}%{}]@{}%{}
>>> Main thread finished with value: ()@{}%{}
