2019-03-07T12:08:10.224Z [RTM] [32minfo[39m: Skipping network creation. Observe that all external IO operations will yield a runtime error.
2121@{}%{}
222@{}%{}
>>> Main thread finished with value: ()@{}%{}
