2020-02-15T17:31:09.752Z [RTM] [32minfo[39m: Skipping network creation. Observe that all external IO operations will yield a runtime error.
"A"
"B"
"C"
>>> Main thread finished with value: ()@{}%{}
