2019-03-07T12:08:12.109Z [RTM] [32minfo[39m: Skipping network creation. Observe that all external IO operations will yield a runtime error.
32@{}%{}
>>> Main thread finished with value: 0@{}%{}
22@{}%{}
