2019-03-07T12:08:15.833Z [RTM] [32minfo[39m: Skipping network creation. Observe that all external IO operations will yield a runtime error.
>>> Main thread finished with value: (10@{}%{}, 20@{}%{})@{}%{}
