2019-03-07T12:08:10.305Z [RTM] [32minfo[39m: Skipping network creation. Observe that all external IO operations will yield a runtime error.
"eb9a82db-0b8b-4717-8808-0156d1f4a0d4"
>>> Main thread finished with value: ()@{}%{}
